// Jest Snapshot v1, https://goo.gl/fbAQLP

exports[`matches snapshot 1`] = `
<DocumentFragment>
  <div
    class="Box"
    id="1"
    style="background-color: red; width: 200px; height: 200px;"
  >
    <button
      class="Box-btn"
      data-box="1"
    >
      X
    </button>
  </div>
</DocumentFragment>
`;
